
===========================================================================
 report_power
============================================================================


======================= Slowest Corner =================================

Group                  Internal  Switching    Leakage      Total
                          Power      Power      Power      Power (Watts)
----------------------------------------------------------------
Sequential             6.08e-06   5.31e-06   3.56e-07   1.17e-05  18.2%
Combinational          1.99e-05   3.23e-05   6.61e-07   5.28e-05  81.8%
Macro                  0.00e+00   0.00e+00   0.00e+00   0.00e+00   0.0%
Pad                    0.00e+00   0.00e+00   0.00e+00   0.00e+00   0.0%
----------------------------------------------------------------
Total                  2.59e-05   3.76e-05   1.02e-06   6.45e-05 100.0%
                          40.2%      58.2%       1.6%

======================= Typical Corner ===================================

Group                  Internal  Switching    Leakage      Total
                          Power      Power      Power      Power (Watts)
----------------------------------------------------------------
Sequential             7.79e-06   6.78e-06   2.16e-10   1.46e-05  18.2%
Combinational          2.43e-05   4.11e-05   1.74e-09   6.54e-05  81.8%
Macro                  0.00e+00   0.00e+00   0.00e+00   0.00e+00   0.0%
Pad                    0.00e+00   0.00e+00   0.00e+00   0.00e+00   0.0%
----------------------------------------------------------------
Total                  3.21e-05   4.79e-05   1.96e-09   7.99e-05 100.0%
                          40.1%      59.9%       0.0%


======================= Fastest Corner =================================

Group                  Internal  Switching    Leakage      Total
                          Power      Power      Power      Power (Watts)
----------------------------------------------------------------
Sequential             8.91e-06   8.05e-06   2.78e-10   1.70e-05  18.5%
Combinational          2.64e-05   4.84e-05   2.22e-09   7.48e-05  81.5%
Macro                  0.00e+00   0.00e+00   0.00e+00   0.00e+00   0.0%
Pad                    0.00e+00   0.00e+00   0.00e+00   0.00e+00   0.0%
----------------------------------------------------------------
Total                  3.53e-05   5.64e-05   2.50e-09   9.18e-05 100.0%
                          38.5%      61.5%       0.0%
